Processing m5stack-stamp-s3 (platform: espressif32; board: esp32-s3-devkitc-1; framework: arduino)
--------------------------------------------------------------------------------
Verbose mode can be enabled via `-v, --verbose` option
CONFIGURATION: https://docs.platformio.org/page/boards/espressif32/esp32-s3-devkitc-1.html
PLATFORM: Espressif 32 (6.10.0) > Espressif ESP32-S3-DevKitC-1-N8 (8 MB QD, No PSRAM)
HARDWARE: ESP32S3 240MHz, 320KB RAM, 8MB Flash
DEBUG: Current (esp-builtin) On-board (esp-builtin) External (cmsis-dap, esp-bridge, esp-prog, iot-bus-jtag, jlink, minimodule, olimex-arm-usb-ocd, olimex-arm-usb-ocd-h, olimex-arm-usb-tiny-h, olimex-jtag-tiny, tumpa)
PACKAGES: 
 - framework-arduinoespressif32 @ 3.20017.241212+sha.dcc1105b 
 - tool-esptoolpy @ 1.40501.0 (4.5.1) 
 - toolchain-riscv32-esp @ 8.4.0+2021r2-patch5 
 - toolchain-xtensa-esp32s3 @ 8.4.0+2021r2-patch5
LDF: Library Dependency Finder -> https://bit.ly/configure-pio-ldf
LDF Modes: Finder ~ chain, Compatibility ~ soft
Found 38 compatible libraries
Scanning dependencies...
Dependency Graph
|-- M5StamPLC @ 1.1.0+sha.7c33fdf
|-- M5Unified @ 0.2.9+sha.e126f90
|-- ArduinoModbus @ 1.0.6+sha.f903d0a
|-- ArduinoRS485 @ 1.0.2+sha.2dd70d2
Building in release mode
Compiling .pio/build/m5stack-stamp-s3/src/main.cpp.o
Linking .pio/build/m5stack-stamp-s3/firmware.elf
Retrieving maximum program size .pio/build/m5stack-stamp-s3/firmware.elf
Checking size .pio/build/m5stack-stamp-s3/firmware.elf
Advanced Memory Usage is available via "PlatformIO Home > Project Inspect"
RAM:   [=         ]   7.1% (used 23200 bytes from 327680 bytes)
Flash: [==        ]  16.0% (used 535517 bytes from 3342336 bytes)
Building .pio/build/m5stack-stamp-s3/firmware.bin with action:
  "$PYTHONEXE" "$OBJCOPY" --chip esp32s3 elf2image --flash_mode ${__get_board_flash_mode(__env__)} --flash_freq ${__get_board_f_image(__env__)} --flash_size 8MB --elf-sha256-offset 0xb0 -o $TARGET $SOURCES
Building .pio/build/m5stack-stamp-s3/firmware.bin
esptool.py v4.5.1
Creating esp32s3 image...
Merged 2 ELF sections
Successfully created esp32s3 image.
========================= [SUCCESS] Took 10.22 seconds =========================
